📑 — • invalid\-date • № 129\-Ж
✅ 0 позиций подтверждено • ⚠️ 2 требует внимания

1\. 🔍 Несуществующий товар
     \-1 invalid × 100 = 150

2\. ❓ —
     — — × — = —

ℹ️ Множественные проблемы в накладной 