üìë –û–û–û –ü—Ä–æ–¥—É–∫—Ç—ã ‚Ä¢ 15.03.2024 ‚Ä¢ ‚Ññ 125\-–í
‚úÖ 0 –ø–æ–∑–∏—Ü–∏–π –ø–æ–¥—Ç–≤–µ—Ä–∂–¥–µ–Ω–æ ‚Ä¢ ‚ö†Ô∏è 2 —Ç—Ä–µ–±—É–µ—Ç –≤–Ω–∏–º–∞–Ω–∏—è

1\. üîç –ù–µ—Å—É—â–µ—Å—Ç–≤—É—é—â–∏–π —Ç–æ–≤–∞—Ä
     1 —à—Ç √ó 100 = 100

2\. üîç –ï—â–µ –æ–¥–∏–Ω –Ω–µ–∏–∑–≤–µ—Å—Ç–Ω—ã–π
     2 –∫–≥ √ó 200 = 400

‚ÑπÔ∏è –û–±–Ω–∞—Ä—É–∂–µ–Ω—ã –ø—Ä–æ–±–ª–µ–º—ã —Å —Ä–∞—Å–ø–æ–∑–Ω–∞–≤–∞–Ω–∏–µ–º —Ç–æ–≤–∞—Ä–æ–≤ 