๐ ะะะ ะัะพะดัะบัั โข 15.03.2024 โข โ 123\-ะ
โ 2 ะฟะพะทะธัะธะน ะฟะพะดัะฒะตัะถะดะตะฝะพ

1\. โ ะะพะปะพะบะพ 3\.2%
     10 ะป ร 89\.9 = 899

2\. โ ะฅะปะตะฑ ะฑะตะปัะน
     20 ัั ร 45\.5 = 910 